
  [32m[1mVITE[22m v5.4.8[39m  [2mready in [0m[1m912[22m[2m[0m ms[22m

  [32m➜[39m  [1mLocal[22m:   [36mhttp://127.0.0.1:[1m5173[22m/[39m

  [31m[1mLARAVEL[22m v10.48.20[39m  [2mplugin[22m [1mv1.0.5[22m

  [32m➜[39m  [1mAPP_URL[22m: [36mhttp://localhost[39m
[2m15:09:53[22m [36m[1m[vite][22m[39m [32mpage reload [39m[2m.freebuff/preview.html[22m
[2m16:24:13[22m [36m[1m[vite][22m[39m [32mfull reload[39m [2mroutes\web.php[22m
[2m16:24:16[22m [36m[1m[vite][22m[39m [32mfull reload[39m [2mresources\views\company\select.blade.php[22m
[2m16:24:18[22m [36m[1m[vite][22m[39m [32mfull reload[39m [2mresources\views\partials\navbar.blade.php[22m
[2m16:28:21[22m [36m[1m[vite][22m[39m [32mfull reload[39m [2mroutes\web.php[22m
[2m16:28:36[22m [36m[1m[vite][22m[39m [32mfull reload[39m [2mroutes\web.php[22m
[2m16:33:27[22m [36m[1m[vite][22m[39m [32mfull reload[39m [2mresources\views\partials\menu.blade.php[22m
[2m16:33:29[22m [36m[1m[vite][22m[39m [32mfull reload[39m [2mroutes\web.php[22m
[2m16:40:32[22m [36m[1m[vite][22m[39m [32mfull reload[39m [2mroutes\api.php[22m
[2m16:45:44[22m [36m[1m[vite][22m[39m [32mfull reload[39m [2mresources\views\admin\register.blade.php[22m
[2m16:45:45[22m [36m[1m[vite][22m[39m [32mfull reload[39m [2mresources\views\auth\register.blade.php[22m
[2m16:45:46[22m [36m[1m[vite][22m[39m [32mfull reload[39m [2mroutes\web.php[22m
[2m16:46:22[22m [36m[1m[vite][22m[39m [32mfull reload[39m [2mresources\views\admin\login.blade.php[22m
[2m17:01:10[22m [36m[1m[vite][22m[39m [32mfull reload[39m [2mresources\views\ams\cash\index.blade.php[22m
[2m17:01:12[22m [36m[1m[vite][22m[39m [32mfull reload[39m [2mresources\views\ams\cash\edit.blade.php[22m
[2m17:01:34[22m [36m[1m[vite][22m[39m [32mfull reload[39m [2mresources\views\ams\cash\index.blade.php[22m
[2m17:13:19[22m [36m[1m[vite][22m[39m [32mfull reload[39m [2mresources\views\pos\sale\index.blade.php[22m
[2m18:16:23[22m [36m[1m[vite][22m[39m [32mfull reload[39m [2mresources\views\partials\navbar.blade.php[22m
[2m18:16:42[22m [36m[1m[vite][22m[39m [32mfull reload[39m [2mresources\views\partials\navbar.blade.php[22m
[2m18:16:44[22m [36m[1m[vite][22m[39m [32mfull reload[39m [2mresources\views\partials\navbar.blade.php[22m
[2m18:16:47[22m [36m[1m[vite][22m[39m [32mfull reload[39m [2mresources\views\partials\navbar.blade.php[22m
[2m18:16:50[22m [36m[1m[vite][22m[39m [32mfull reload[39m [2mresources\views\partials\navbar.blade.php[22m
[2m18:16:54[22m [36m[1m[vite][22m[39m [32mfull reload[39m [2mresources\views\partials\navbar.blade.php[22m
[2m18:25:26[22m [36m[1m[vite][22m[39m [32mfull reload[39m [2mroutes\web.php[22m
[2m18:25:27[22m [36m[1m[vite][22m[39m [32mfull reload[39m [2mresources\views\partials\menu.blade.php[22m
[2m18:26:04[22m [36m[1m[vite][22m[39m [32mfull reload[39m [2mresources\views\role\index.blade.php[22m
[2m18:26:08[22m [36m[1m[vite][22m[39m [32mfull reload[39m [2mresources\views\role\partials\form.blade.php[22m
[2m18:27:27[22m [36m[1m[vite][22m[39m [32mfull reload[39m [2mresources\views\user\index.blade.php[22m
[2m18:27:29[22m [36m[1m[vite][22m[39m [32mfull reload[39m [2mresources\views\user\edit.blade.php[22m
[2m18:42:21[22m [36m[1m[vite][22m[39m [32mfull reload[39m [2mresources\views\role\partials\form.blade.php[22m
[2m18:42:52[22m [36m[1m[vite][22m[39m [32mfull reload[39m [2mresources\views\role\index.blade.php[22m
[2m18:51:46[22m [36m[1m[vite][22m[39m [32mfull reload[39m [2mresources\views\user\index.blade.php[22m
[2m18:51:56[22m [36m[1m[vite][22m[39m [32mfull reload[39m [2mresources\views\user\edit.blade.php[22m
[2m18:52:07[22m [36m[1m[vite][22m[39m [32mfull reload[39m [2mresources\views\user\edit.blade.php[22m
[2m18:56:27[22m [36m[1m[vite][22m[39m [32mfull reload[39m [2mresources\views\user\index.blade.php[22m
[2m18:56:28[22m [36m[1m[vite][22m[39m [32mfull reload[39m [2mresources\views\layouts\layout.blade.php[22m
[2m18:56:30[22m [36m[1m[vite][22m[39m [32mfull reload[39m [2mresources\views\company\index.blade.php[22m
[2m18:56:50[22m [36m[1m[vite][22m[39m [32mpage reload [39m[2mresponse.html[22m
[2m18:56:51[22m [36m[1m[vite][22m[39m [32mpage reload [39m[2mvendor/dompdf/dompdf/lib/fonts/mustRead.html[22m
[2m18:56:59[22m [36m[1m[vite][22m[39m [32mpage reload [39m[2mvendor/picqer/php-barcode-generator/tests/verified-files/081231723897-code128-red-background.html[22m
[2m18:56:59[22m [36m[1m[vite][22m[39m [32mpage reload [39m[2mvendor/picqer/php-barcode-generator/tests/verified-files/081231723897-code128.html[22m
[2m18:56:59[22m [36m[1m[vite][22m[39m [32mpage reload [39m[2mvendor/picqer/php-barcode-generator/tests/verified-files/081231723897-dynamic-code128.html[22m
[2m18:56:59[22m [36m[1m[vite][22m[39m [32mpage reload [39m[2mvendor/picqer/php-barcode-generator/tests/verified-files/12345678903-dynamic-imb.html[22m
[2m18:56:59[22m [36m[1m[vite][22m[39m [32mpage reload [39m[2mvendor/picqer/php-barcode-generator/tests/verified-files/12345678903-imb.html[22m
[2m18:57:21[22m [36m[1m[vite][22m[39m [32mpage reload [39m[2mresponse.html[22m
[2m18:57:22[22m [36m[1m[vite][22m[39m [32mpage reload [39m[2mvendor/dompdf/dompdf/lib/fonts/mustRead.html[22m
[2m18:57:29[22m [36m[1m[vite][22m[39m [32mpage reload [39m[2mvendor/picqer/php-barcode-generator/tests/verified-files/081231723897-code128-red-background.html[22m
[2m18:57:29[22m [36m[1m[vite][22m[39m [32mpage reload [39m[2mvendor/picqer/php-barcode-generator/tests/verified-files/081231723897-code128.html[22m
[2m18:57:29[22m [36m[1m[vite][22m[39m [32mpage reload [39m[2mvendor/picqer/php-barcode-generator/tests/verified-files/081231723897-dynamic-code128.html[22m
[2m18:57:29[22m [36m[1m[vite][22m[39m [32mpage reload [39m[2mvendor/picqer/php-barcode-generator/tests/verified-files/12345678903-dynamic-imb.html[22m
[2m18:57:29[22m [36m[1m[vite][22m[39m [32mpage reload [39m[2mvendor/picqer/php-barcode-generator/tests/verified-files/12345678903-imb.html[22m
[2m18:58:40[22m [36m[1m[vite][22m[39m [32mfull reload[39m [2mroutes\web.php[22m
[2m18:58:43[22m [36m[1m[vite][22m[39m [32mfull reload[39m [2mresources\views\company\select.blade.php[22m
[2m18:59:09[22m [36m[1m[vite][22m[39m [32mfull reload[39m [2mresources\views\company\create.blade.php[22m
[2m19:07:35[22m [36m[1m[vite][22m[39m [32mfull reload[39m [2mresources\views\company\index.blade.php[22m
[2m19:08:03[22m [36m[1m[vite][22m[39m [32mfull reload[39m [2mresources\views\company\create.blade.php[22m
[2m19:09:01[22m [36m[1m[vite][22m[39m [32mfull reload[39m [2mresources\views\company\select.blade.php[22m
[2m19:15:33[22m [36m[1m[vite][22m[39m [32mfull reload[39m [2mresources\views\company\select.blade.php[22m
[2m19:15:34[22m [36m[1m[vite][22m[39m [32mfull reload[39m [2mroutes\web.php[22m
[2m19:16:07[22m [36m[1m[vite][22m[39m [32mfull reload[39m [2mresources\views\ecommerce\public\index.blade.php[22m
[2m19:16:09[22m [36m[1m[vite][22m[39m [32mfull reload[39m [2mresources\views\ecommerce\public\products.blade.php[22m
[2m19:16:10[22m [36m[1m[vite][22m[39m [32mfull reload[39m [2mresources\views\ecommerce\public\product.blade.php[22m
[2m19:16:11[22m [36m[1m[vite][22m[39m [32mfull reload[39m [2mresources\views\ecommerce\public\category.blade.php[22m
[2m19:16:43[22m [36m[1m[vite][22m[39m [32mfull reload[39m [2mresources\views\ecommerce\public\checkout.blade.php[22m
[2m19:16:45[22m [36m[1m[vite][22m[39m [32mfull reload[39m [2mresources\views\ecommerce\public\success.blade.php[22m
[2m19:16:46[22m [36m[1m[vite][22m[39m [32mfull reload[39m [2mresources\views\ecommerce\public\layout.blade.php[22m
[2m19:17:24[22m [36m[1m[vite][22m[39m [32mfull reload[39m [2mresources\views\ecommerce\admin\settings.blade.php[22m
[2m19:28:42[22m [36m[1m[vite][22m[39m [32mfull reload[39m [2mresources\views\company\select.blade.php[22m
[2m19:34:10[22m [36m[1m[vite][22m[39m [32mfull reload[39m [2mresources\views\ecommerce\public\product.blade.php[22m
[2m19:34:11[22m [36m[1m[vite][22m[39m [32mfull reload[39m [2mresources\views\ecommerce\public\layout.blade.php[22m
[2m19:42:36[22m [36m[1m[vite][22m[39m [32mfull reload[39m [2mresources\views\dashboard.blade.php[22m
[2m19:44:52[22m [36m[1m[vite][22m[39m [32mfull reload[39m [2mresources\views\dashboard.blade.php[22m
[2m19:45:18[22m [36m[1m[vite][22m[39m [32mfull reload[39m [2mresources\views\dashboard.blade.php[22m
[2m19:45:23[22m [36m[1m[vite][22m[39m [32mfull reload[39m [2mresources\views\dashboard.blade.php[22m
[2m19:45:32[22m [36m[1m[vite][22m[39m [32mfull reload[39m [2mresources\views\dashboard.blade.php[22m
[2m19:45:34[22m [36m[1m[vite][22m[39m [32mfull reload[39m [2mresources\views\dashboard.blade.php[22m
[2m19:45:38[22m [36m[1m[vite][22m[39m [32mfull reload[39m [2mresources\views\dashboard.blade.php[22m
[2m19:45:39[22m [36m[1m[vite][22m[39m [32mfull reload[39m [2mresources\views\dashboard.blade.php[22m
[2m19:46:45[22m [36m[1m[vite][22m[39m [32mfull reload[39m [2mresources\views\dashboard.blade.php[22m
[2m19:46:51[22m [36m[1m[vite][22m[39m [32mfull reload[39m [2mresources\views\dashboard.blade.php[22m
[2m19:47:14[22m [36m[1m[vite][22m[39m [32mfull reload[39m [2mresources\views\dashboard.blade.php[22m
[2m19:47:32[22m [36m[1m[vite][22m[39m [32mfull reload[39m [2mresources\views\dashboard.blade.php[22m
[2m19:48:23[22m [36m[1m[vite][22m[39m [32mfull reload[39m [2mresources\views\dashboard.blade.php[22m
[2m19:48:26[22m [36m[1m[vite][22m[39m [32mfull reload[39m [2mresources\views\dashboard.blade.php[22m
[2m19:48:32[22m [36m[1m[vite][22m[39m [32mfull reload[39m [2mresources\views\dashboard.blade.php[22m
[2m19:48:45[22m [36m[1m[vite][22m[39m [32mfull reload[39m [2mresources\views\dashboard.blade.php[22m
[2m19:48:53[22m [36m[1m[vite][22m[39m [32mfull reload[39m [2mresources\views\dashboard.blade.php[22m
[2m19:49:09[22m [36m[1m[vite][22m[39m [32mfull reload[39m [2mresources\views\dashboard.blade.php[22m
[2m19:49:10[22m [36m[1m[vite][22m[39m [32mfull reload[39m [2mresources\views\dashboard.blade.php[22m
[2m19:57:19[22m [36m[1m[vite][22m[39m [32mfull reload[39m [2mresources\views\partials\menu.blade.php[22m
[2m20:03:44[22m [36m[1m[vite][22m[39m [32mfull reload[39m [2mresources\views\partials\menu.blade.php[22m
[2m20:03:46[22m [36m[1m[vite][22m[39m [32mfull reload[39m [2mresources\views\company\edit.blade.php[22m
[2m20:04:18[22m [36m[1m[vite][22m[39m [32mfull reload[39m [2mresources\views\company\index.blade.php[22m
[2m20:04:29[22m [36m[1m[vite][22m[39m [32mfull reload[39m [2mresources\views\company\index.blade.php[22m
[2m20:30:46[22m [36m[1m[vite][22m[39m [32mpage reload [39m[2mdocs/documentation-saas-pos.html[22m
[2m20:31:13[22m [36m[1m[vite][22m[39m [32mpage reload [39m[2mdocs/documentation-saas-pos.html[22m
[2m20:31:42[22m [36m[1m[vite][22m[39m [32mpage reload [39m[2mdocs/documentation-saas-pos.html[22m
[2m10:10:42[22m [36m[1m[vite][22m[39m [32mpage reload [39m[2mdocs/documentation-saas-pos.html[22m
[2m10:53:21[22m [36m[1m[vite][22m[39m [32mfull reload[39m [2mroutes\web.php[22m
[2m10:53:47[22m [36m[1m[vite][22m[39m [32mfull reload[39m [2mresources\views\user\index.blade.php[22m
[2m10:54:22[22m [36m[1m[vite][22m[39m [32mfull reload[39m [2mresources\views\user\index.blade.php[22m
[2m10:56:32[22m [36m[1m[vite][22m[39m [32mpage reload [39m[2mdocs/documentation-saas-pos.html[22m
[2m10:58:24[22m [36m[1m[vite][22m[39m [32mfull reload[39m [2mresources\views\partials\navbar.blade.php[22m
[2m11:05:38[22m [36m[1m[vite][22m[39m [32mfull reload[39m [2mroutes\web.php[22m
[2m11:06:18[22m [36m[1m[vite][22m[39m [32mfull reload[39m [2mresources\views\user\index.blade.php[22m
[2m11:08:26[22m [36m[1m[vite][22m[39m [32mpage reload [39m[2mdocs/documentation-saas-pos.html[22m
